// Jest Snapshot v1, https://goo.gl/fbAQLP

exports[`<VolumeAdjustPage /> Renders correctly 1`] = `
<View
  style={
    Object {
      "marginTop": 60,
    }
  }
>
  <Text
    style={
      Object {
        "fontSize": 20,
        "textAlign": "center",
      }
    }
  >
     Volume Adjust
  </Text>
  <View
    style={
      Object {
        "backgroundColor": "#D9D9D9",
        "borderRadius": 12,
        "height": 331,
        "marginLeft": 60,
        "marginTop": 80,
        "width": 287,
      }
    }
  >
    <Text
      style={
        Object {
          "color": "#757575",
          "marginTop": 30,
          "textAlign": "center",
        }
      }
    >
      Choosing your file from
    </Text>
    <View
      style={
        Object {
          "display": "flex",
          "flexDirection": "row",
          "marginTop": 100,
        }
      }
    >
      <View
        accessible={true}
        focusable={false}
        onClick={[Function]}
        onResponderGrant={[Function]}
        onResponderMove={[Function]}
        onResponderRelease={[Function]}
        onResponderTerminate={[Function]}
        onResponderTerminationRequest={[Function]}
        onStartShouldSetResponder={[Function]}
        style={
          Object {
            "marginLeft": 20,
            "marginRight": 20,
            "opacity": 1,
          }
        }
      >
        <Text />
      </View>
      <View
        accessible={true}
        focusable={false}
        onClick={[Function]}
        onResponderGrant={[Function]}
        onResponderMove={[Function]}
        onResponderRelease={[Function]}
        onResponderTerminate={[Function]}
        onResponderTerminationRequest={[Function]}
        onStartShouldSetResponder={[Function]}
        style={
          Object {
            "marginLeft": 20,
            "marginRight": 20,
            "opacity": 1,
          }
        }
      >
        <Text />
      </View>
      <View
        accessible={true}
        focusable={false}
        onClick={[Function]}
        onResponderGrant={[Function]}
        onResponderMove={[Function]}
        onResponderRelease={[Function]}
        onResponderTerminate={[Function]}
        onResponderTerminationRequest={[Function]}
        onStartShouldSetResponder={[Function]}
        style={
          Object {
            "marginLeft": 20,
            "marginRight": 20,
            "opacity": 1,
          }
        }
      >
        <Text />
      </View>
    </View>
  </View>
</View>
`;
