// Jest Snapshot v1, https://goo.gl/fbAQLP

exports[`<Featurebutton /> Renders correctly 1`] = `<View />`;
