// Jest Snapshot v1, https://goo.gl/fbAQLP

exports[`<Filebutton /> Renders correctly 1`] = `
<View>
  <Text />
  <Image />
</View>
`;
